0 0 9 0 0 0 9 
0 0 2 9 0 0 8 
9 2 0 0 9 0 0 
0 9 0 0 0 0 9 
0 9 0 0 9 0 8 
2 8 0 0 9 0 0 
7 2 8 0 0 4 7 
