S S S S S E S E E E E E S E E E S S , final energy: 4200
