E E E E S S E E S S S S S S E E , final energy: 4120
