1: 4 6 7 12
2: 2 9 13
3: 1 2 3 4 8 9 10 11 13 14
5: 5 7 14
6: 5
10:
11: 12
12: 10 11 14
