4: 3
5: 4
6: 4
7: 4 17
8: 5 17
9:
10: 1 5
11:
12:
13: 1
14:
15:
16: 2
17: 3
