2: 11 12 13 14 15 16 17 18
4: 3 8 13
5: 4 9 14
6: 4 9 14
7: 4 9 14 17
8: 5 10 15 16 17 18
9:
10: 1 5 6 11
11:
12:
13: 1
14:
15:
16: 2
17: 3
18: 16 18
