4: 1
6: 6 7 8 14
7: 6
8: 8 9 13
9: 12 13
10: 12 13 14
11: 12 13
